[traffic.rta.ac/trfesrv/public_resources/my-ecertificatesb3da.html]
[backblue.gif]
[fade.gif]
[index.html]
[traffic.rta.ac/assets_new/hotjar-1165416.js]
[traffic.rta.ac/assets_new/recaptcha__en.js]
[traffic.rta.ac/assets_new/analytics.js]
[traffic.rta.ac/assets_new/gtm.js]
[traffic.rta.ac/assets_new/common.js]
[traffic.rta.ac/assets_new/style.css]
[traffic.rta.ac/assets_new/default_header_old_pages.css]
[traffic.rta.ac/assets_new/plates.css]
[traffic.rta.ac/assets_new/vr.css]
[traffic.rta.ac/assets_new/default.responsive.css]
[traffic.rta.ac/assets_new/fonts.css]
[traffic.rta.ac/assets_new/jquery.js]
[traffic.rta.ac/assets_new/jquery-1.11.1.min.js]
[traffic.rta.ac/assets_new/jquery.cookie.js]
[traffic.rta.ac/assets_new/main-old-pages.js]
[traffic.rta.ac/assets_new/ReadSpeaker.js]
[traffic.rta.ac/assets_new/ReadSpeaker.Styles.css]
[traffic.rta.ac/assets_new/ReadSpeaker.Core.js]
[traffic.rta.ac/assets_new/ReadSpeaker.pub.Config.js]
[traffic.rta.ac/assets_new/print.css]
[traffic.rta.ac/assets_new/jquery.colorbox.js]
[traffic.rta.ac/trfesrv/public_resources/revamp/assets_new_en/css/blind.css]
[traffic.rta.ac/assets_new/jquery-ui.css]
[traffic.rta.ac/assets_new/head_foot.css]
[traffic.rta.ac/assets_new/rta.css]
[traffic.rta.ac/assets_new/colorbox.css]
[traffic.rta.ac/assets_new/index.js]
[traffic.rta.ac/assets_new/jquery.datepicker.js]
[traffic.rta.ac/assets_new/myEcertificate.css]
[traffic.rta.ac/trfesrv/public_resources/GET]
[traffic.rta.ac/assets_new/ReadSpeaker.lib.RSLib.js]
[traffic.rta.ac/assets_new/ReadSpeaker.Common.Settings.js]
[traffic.rta.ac/assets_new/ReadSpeaker.PlayerAPI.js]
[traffic.rta.ac/assets_new/ReadSpeaker.HL.js]
[traffic.rta.ac/assets_new/ReadSpeaker.ui.js]
[traffic.rta.ac/assets_new/modules.5c4e5a4915cb0bf32fd1.js]
[traffic.rta.ac/assets_new/ReadSpeaker.enlargeHL.js]
[traffic.rta.ac/assets_new/ReadSpeaker.enlargeHL.css]
[traffic.rta.ac/assets_new/bootstrap.css]
[traffic.rta.ae/trfesrv/revamp/common/header_footer_assets/css/bootstrap.css]
[traffic.rta.ac/assets_new/header_footer_style.css]
[traffic.rta.ac/assets_new/svgxuse.min.js]
[traffic.rta.ac/assets_new/jquery-2.2.4.js]
[traffic.rta.ac/assets_new/bootstrap.min.js]
[traffic.rta.ac/assets_new/government-dubai.png]
[traffic.rta.ac/assets_new/RTA.png]
[traffic.rta.ac/trfesrv/public_resources/window.location.href]
[traffic.rta.ac/assets_new/api.js]
[traffic.rta.ac/assets_new/json2.js]
[traffic.rta.ac/trfesrv/public_resources/my-ecertificatesb3da.html]
[traffic.rta.ac/cdn-cgi/scripts/5c5dd728/cloudflare-static/email-decode.min.js]
[traffic.rta.ac/trfesrv/public_resources/webworker.js]
[traffic.rta.ac/assets_new/recaptcha__en.js]
[traffic.rta.ac/trfesrv/public_resources/POST.34.delayed]
[traffic.rta.ac/trfesrv/public_resources/modules.5c4e5a4915cb0bf32fd1.js]
[traffic.rta.ac/assets_new/hotjar-1165416.js]
[traffic.rta.ac/trfesrv/public_resources/gtm.js]
[traffic.rta.ac/assets_new/analytics.js]
[www.googletagmanager.com/dclk/ns/v1.js]
[www.google-analytics.com/analytics.js]
[traffic.rta.ac/trfesrv/public_resources/ec.js]
[traffic.rta.ac/analytics.js]
[traffic.rta.ac/trfesrv/public_resources/recaptcha.js]
[traffic.rta.ac/trfesrv/public_resources/linkid.js]
[traffic.rta.ac/assets_new/gtm.js]
[traffic.rta.ac/assets_new/common.js]
[traffic.rta.ac/assets_new/bootstrap/fonts/glyphicons-halflings-regular.3e.delayed]
[traffic.rta.ac/assets_new/bootstrap/fonts/glyphicons-halflings-regulard41d.eot]
[traffic.rta.ac/assets_new/bootstrap/fonts/glyphicons-halflings-regular.woff2]
[traffic.rta.ac/assets_new/bootstrap/fonts/glyphicons-halflings-regular.woff]
[traffic.rta.ac/assets_new/bootstrap/fonts/glyphicons-halflings-regular.ttf]
[traffic.rta.ac/assets_new/bootstrap/fonts/glyphicons-halflings-regular.svg]
[traffic.rta.ac/assets_new/style.css]
[traffic.rta.ac/assets_new/img/suggestion_hover.png]
[traffic.rta.ac/assets_new/img/complaints.png]
[traffic.rta.ac/assets_new/img/complaints_hover.png]
[traffic.rta.ac/assets_new/img/left-nav.png]
[traffic.rta.ac/assets_new/img/search.png]
[traffic.rta.ac/assets_new/img/close-red.png]
[traffic.rta.ac/assets_new/img/search-hover.png]
[traffic.rta.ac/assets_new/img/icon-triangle.png]
[traffic.rta.ac/assets_new/img/close2.png]
[traffic.rta.ac/assets_new/img/arrow-right.png]
[traffic.rta.ac/assets_new/img/close.png]
[traffic.rta.ac/assets_new/img/loading.gif]
[traffic.rta.ac/assets_new/img/dropdown.png]
[traffic.rta.ac/assets_new/img/dropdown_over.png]
[traffic.rta.ac/assets_new/img/link.png]
[traffic.rta.ac/assets_new/img/link_over.gif]
[traffic.rta.ac/assets_new/img/link.gif]
[traffic.rta.ac/img/arabic.png]
[traffic.rta.ac/assets_new/img/control-icon-v2.png]
[traffic.rta.ac/assets_new/img/control-icon-v4.png]
[traffic.rta.ac/assets_new/img/ico-video.png]
[traffic.rta.ac/assets_new/img/search-services.png]
[traffic.rta.ac/assets_new/img/services-icon.png]
[traffic.rta.ac/assets_new/img/success.png]
[traffic.rta.ac/assets_new/img/success-grey.png]
[traffic.rta.ac/assets_new/img/error.png]
[traffic.rta.ac/assets_new/img/dd-arrow.png]
[traffic.rta.ac/assets_new/img/bg-services.png]
[traffic.rta.ac/assets_new/img/services-dco.png]
[traffic.rta.ac/assets_new/img/services-pt.png]
[traffic.rta.ac/assets_new/img/services-corp.png]
[traffic.rta.ac/assets_new/img/services-alpha.png]
[traffic.rta.ac/assets_new/img/dot.png]
[traffic.rta.ac/assets_new/img/arrow-grey.png]
[traffic.rta.ac/assets_new/img/download-sml.png]
[traffic.rta.ac/assets_new/img/icons/ico-salik.png]
[traffic.rta.ac/assets_new/img/icons/ico-metro-agency.png]
[traffic.rta.ac/assets_new/img/icons/ico-licencing-agency.png]
[traffic.rta.ac/assets_new/img/icons/ico-dubai-taxi.png]
[traffic.rta.ac/assets_new/img/icons/ico-dubai-metro.png]
[traffic.rta.ac/assets_new/img/icons/ico-taxi-agency-services.png]
[traffic.rta.ac/assets_new/img/icons/ico-rail-agency-services.png]
[traffic.rta.ac/assets_new/img/icons/ico-corporate-support.png]
[traffic.rta.ac/assets_new/img/link_over.png]
[traffic.rta.ac/assets_new/img/icons.png]
[traffic.rta.ac/assets_new/img/channel-visitbranch.png]
[traffic.rta.ac/assets_new/img/back.png]
[traffic.rta.ac/assets_new/img/cal.png]
[traffic.rta.ac/assets_new/img/download.png]
[traffic.rta.ac/assets_new/img/print.png]
[traffic.rta.ac/assets_new/img/open.png]
[traffic.rta.ac/assets_new/img/channel-tollfree.png]
[traffic.rta.ac/assets_new/img/channel-smartapps.png]
[traffic.rta.ac/assets_new/img/dd-arrow-blue.png]
[traffic.rta.ac/assets_new/img/bg-line.png]
[traffic.rta.ac/assets_new/img/completed.png]
[traffic.rta.ac/assets_new/img/search-services-hover.png]
[traffic.rta.ac/assets_new/img/popular_services/1.png]
[traffic.rta.ac/assets_new/img/popular_services/2.png]
[traffic.rta.ac/assets_new/img/popular_services/3.png]
[traffic.rta.ac/assets_new/img/popular_services/4.png]
[traffic.rta.ac/assets_new/img/popular_services/5.png]
[traffic.rta.ac/assets_new/img/popular_services/6.png]
[traffic.rta.ac/assets_new/img/popular_services/7.png]
[traffic.rta.ac/assets_new/img/popular_services/8.png]
[traffic.rta.ac/assets_new/img/bg-left-nav.png]
[traffic.rta.ac/assets_new/img/arrow-white-right.png]
[traffic.rta.ac/assets_new/img/vr/expand.png]
[traffic.rta.ac/assets_new/img/vr/collapse.png]
[traffic.rta.ac/assets_new/img/public-transport/plan-your-journey.png]
[traffic.rta.ac/assets_new/img/public-transport/plan-your-journey-hover.png]
[traffic.rta.ac/assets_new/img/public-transport/top-nol.png]
[traffic.rta.ac/assets_new/img/public-transport/top-nol-hover.png]
[traffic.rta.ac/assets_new/img/public-transport/book-a-taxi.png]
[traffic.rta.ac/assets_new/img/public-transport/book-a-taxi-hover.png]
[traffic.rta.ac/assets_new/img/public-transport/book-a-water-taxi.png]
[traffic.rta.ac/assets_new/img/public-transport/book-a-water-taxi-hover.png]
[traffic.rta.ac/assets_new/img/public-transport/download-timetables.png]
[traffic.rta.ac/assets_new/img/public-transport/download-timetables-hover.png]
[traffic.rta.ac/assets_new/img/public-transport/contact-us.png]
[traffic.rta.ac/assets_new/img/public-transport/contact-us-hover.png]
[traffic.rta.ac/assets_new/img/public-transport/travel-mode/metro.png]
[traffic.rta.ac/assets_new/img/public-transport/travel-mode/metro-hover.png]
[traffic.rta.ac/assets_new/img/public-transport/travel-mode/bus.png]
[traffic.rta.ac/assets_new/img/public-transport/travel-mode/bus-hover.png]
[traffic.rta.ac/assets_new/img/public-transport/travel-mode/tram.png]
[traffic.rta.ac/assets_new/img/public-transport/travel-mode/tram-hover.png]
[traffic.rta.ac/assets_new/img/public-transport/travel-mode/water-bus.png]
[traffic.rta.ac/assets_new/img/public-transport/travel-mode/water-bus-hover.png]
[traffic.rta.ac/assets_new/img/public-transport/travel-mode/water-taxi.png]
[traffic.rta.ac/assets_new/img/public-transport/travel-mode/water-taxi-hover.png]
[traffic.rta.ac/assets_new/img/public-transport/travel-mode/ferry.png]
[traffic.rta.ac/assets_new/img/public-transport/travel-mode/ferry-hover.png]
[traffic.rta.ac/assets_new/img/public-transport/travel-mode/abra.png]
[traffic.rta.ac/assets_new/img/public-transport/travel-mode/abra-hover.png]
[traffic.rta.ac/assets_new/img/public-transport/travel-mode/taxi.png]
[traffic.rta.ac/assets_new/img/public-transport/travel-mode/taxi-hover.png]
[traffic.rta.ac/assets_new/img/about-us/mission-vision-icon.png]
[traffic.rta.ac/assets_new/img/about-us/mission-vision-icon-hover.png]
[traffic.rta.ac/assets_new/img/about-us/our-values-icon.png]
[traffic.rta.ac/assets_new/img/about-us/our-goals-icon.png]
[traffic.rta.ac/assets_new/img/about-us/our-values-icon-hover.png]
[traffic.rta.ac/assets_new/img/about-us/our-goals-icon-hover.png]
[traffic.rta.ac/assets_new/img/about-us/quality-policy-icon.png]
[traffic.rta.ac/assets_new/img/about-us/quality-policy-icon-hover.png]
[traffic.rta.ac/assets_new/img/about-us/safety-policy-icon.png]
[traffic.rta.ac/assets_new/img/about-us/safety-policy-icon-hover.png]
[traffic.rta.ac/assets_new/img/about-us/security-n-privacy-icon.png]
[traffic.rta.ac/assets_new/img/about-us/security-n-privacy-icon-hover.png]
[traffic.rta.ac/assets_new/img/about-us/aboutus-am-icon.png]
[traffic.rta.ac/assets_new/img/about-us/aboutus-am-icon-hover.png]
[traffic.rta.ac/assets_new/img/about-us/aboutus-ap-icon.png]
[traffic.rta.ac/assets_new/img/about-us/aboutus-ap-icon-hover.png]
[traffic.rta.ac/assets_new/img/about-us/aboutus-tc-icon.png]
[traffic.rta.ac/assets_new/img/about-us/aboutus-tc-icon-hover.png]
[traffic.rta.ac/assets_new/img/about-us/aboutus-photo.png]
[traffic.rta.ac/assets_new/img/about-us/aboutus-photo-hover.png]
[traffic.rta.ac/assets_new/img/about-us/aboutus-video.png]
[traffic.rta.ac/assets_new/img/about-us/aboutus-video-hover.png]
[traffic.rta.ac/assets_new/img/about-us/aboutus-activities.png]
[traffic.rta.ac/assets_new/img/about-us/aboutus-activities-hover.png]
[traffic.rta.ac/assets_new/img/about-us/branch.png]
[traffic.rta.ac/assets_new/img/about-us/branch-hover.png]
[traffic.rta.ac/assets_new/img/about-us/customer-goal.png]
[traffic.rta.ac/assets_new/img/about-us/customer-goal-hover.png]
[traffic.rta.ac/assets_new/img/about-us/complaints.png]
[traffic.rta.ac/assets_new/img/about-us/complaints-hover.png]
[traffic.rta.ac/assets_new/img/about-us/press-release.png]
[traffic.rta.ac/assets_new/img/about-us/press-release-hover.png]
[traffic.rta.ac/assets_new/img/about-us/announcements.png]
[traffic.rta.ac/assets_new/img/about-us/announcements-icon-hover.png]
[traffic.rta.ac/assets_new/img/about-us/archives-icon.png]
[traffic.rta.ac/assets_new/img/about-us/archives-icon-hover.png]
[traffic.rta.ac/assets_new/img/about-us/ico-author.png]
[traffic.rta.ac/assets_new/img/about-us/ico-author-hover.png]
[traffic.rta.ac/assets_new/img/about-us/ico-chair.png]
[traffic.rta.ac/assets_new/img/about-us/ico-chair-hover.png]
[traffic.rta.ac/assets_new/img/about-us/ico-international.png]
[traffic.rta.ac/assets_new/img/about-us/ico-international-hover.png]
[traffic.rta.ac/assets_new/img/about-us/ico-local.png]
[traffic.rta.ac/assets_new/img/about-us/ico-local-hover.png]
[traffic.rta.ac/img/social/ico-twitter-black.png]
[traffic.rta.ac/img/social/ico-facebook-black.png]
[traffic.rta.ac/img/social/ico-instagram-black.png]
[traffic.rta.ac/img/social/ico-twitter-black-hover.png]
[traffic.rta.ac/img/social/ico-facebook-black-hover.png]
[traffic.rta.ac/img/social/ico-instagram-black-hover.png]
[traffic.rta.ac/assets_new/img/vr/ico-phone.png]
[traffic.rta.ac/assets_new/img/ico-link.jpg]
[traffic.rta.ac/assets_new/default_header_old_pages.css]
[traffic.rta.ac/img/classic-plate.jpg]
[traffic.rta.ac/img/classic-plate-luxury.jpg]
[traffic.rta.ac/img/classic-plate-short-new.jpg]
[traffic.rta.ac/img/classic-plate-long-new.jpg]
[traffic.rta.ac/img/classic-plate-luxury-new.jpg]
[traffic.rta.ac/img/consulate-plate.jpg]
[traffic.rta.ac/img/consulate-plate-luxury.jpg]
[traffic.rta.ac/img/export-plate.jpg]
[traffic.rta.ac/img/export-plate-luxury.jpg]
[traffic.rta.ac/img/motorcycle-plate.jpg]
[traffic.rta.ac/img/motorcycle-plate-luxury.jpg]
[traffic.rta.ac/img/dubai-flag-plate.jpg]
[traffic.rta.ac/img/dubai-flag-plate-luxury.jpg]
[traffic.rta.ac/img/police-plate.jpg]
[traffic.rta.ac/img/police-plate-luxury.jpg]
[traffic.rta.ac/img/learning-plate.jpg]
[traffic.rta.ac/img/learning-plate-luxury.jpg]
[traffic.rta.ac/img/trailer-plate.jpg]
[traffic.rta.ac/img/trade-plate.jpg]
[traffic.rta.ac/img/trade-plate-luxury.ec.delayed]
[traffic.rta.ac/img/under_test.png]
[traffic.rta.ac/assets_new/plates.css]
[traffic.rta.ac/assets_new/img/vr/arrow-grey.png]
[traffic.rta.ac/assets_new/img/vr/vrline.png]
[traffic.rta.ac/assets_new/img/vr/unchecked.png]
[traffic.rta.ac/assets_new/img/vr/checked.png]
[traffic.rta.ac/assets_new/img/vr/error.png]
[traffic.rta.ac/assets_new/img/vr/ico-chat.png]
[traffic.rta.ac/assets_new/img/vr/ico-faq.png]
[traffic.rta.ac/assets_new/img/vr/para-close.png]
[traffic.rta.ac/assets_new/img/vr/para-open.png]
[traffic.rta.ac/assets_new/img/vr/vrline-blue.png]
[traffic.rta.ac/assets_new/img/vr/completed.png]
[traffic.rta.ac/assets_new/img/vr/info-red.png]
[traffic.rta.ac/assets_new/img/vr/success.png]
[traffic.rta.ac/assets_new/img/vr/radio.png]
[traffic.rta.ac/assets_new/img/vr/radio-normal.png]
[traffic.rta.ac/assets_new/img/vr/radio-selected.png]
[traffic.rta.ac/assets_new/img/vr/checked-normal.png]
[traffic.rta.ac/assets_new/img/vr/checked-selected.png]
[traffic.rta.ac/assets_new/img/vr/arr2.png]
[traffic.rta.ac/assets_new/img/vr/warning-icon.png]
[traffic.rta.ac/assets_new/vr.css]
[traffic.rta.ac/assets_new/img/toggle.png]
[traffic.rta.ac/assets_new/img/logout_over.png]
[traffic.rta.ac/assets_new/img/my-account-white.png]
[traffic.rta.ac/assets_new/img/logout.png]
[traffic.rta.ac/assets_new/img/my-account-grey.png]
[traffic.rta.ac/assets_new/default.responsive.css]
[traffic.rta.ac/assets_new/fonts.css]
[traffic.rta.ac/assets_new/jquery.js]
[traffic.rta.ac/assets_new/jquery-1.11.1.min.js]
[traffic.rta.ac/assets_new/jquery.cookie.js]
[traffic.rta.ac/assets_new/main-old-pages.js]
[traffic.rta.ac/trfesrv/public_resources/ReadSpeaker.js]
[traffic.rta.ac/trfesrv/public_resources/ReadSpeaker.lib.RSLib.js]
[traffic.rta.ac/assets_new/ReadSpeaker.js]
[traffic.rta.ac/assets_new/img/rs_button.png]
[traffic.rta.ac/assets_new/img/icon_16px.gif]
[traffic.rta.ac/assets_new/img/rs_loader_anim.gif]
[traffic.rta.ac/assets_new/img/play-anim.gif]
[traffic.rta.ac/assets_new/img/timeline-anim.gif]
[traffic.rta.ac/assets_new/ReadSpeaker.Styles.css]
[traffic.rta.ac/assets_new/ReadSpeaker.Core.js]
[traffic.rta.ac/assets_new/ReadSpeaker.pub.Config.js]
[traffic.rta.ac/assets_new/print.css]
[traffic.rta.ac/assets_new/jquery.colorbox.js]
[traffic.rta.ac/trfesrv/public_resources/revamp/assets_new_en/css/blind.html]
[traffic.rta.ac/images_en/888888_7x7_arrow_left.gif]
[traffic.rta.ac/images_en/888888_7x7_arrow_right.gif]
[traffic.rta.ac/images_en/454545_7x7_arrow_left.gif]
[traffic.rta.ac/images_en/454545_7x7_arrow_right.gif]
[traffic.rta.ac/assets_new/img/e6e6e6_40x100_textures_02_glass_75.png]
[traffic.rta.ac/assets_new/img/dadada_40x100_textures_02_glass_75.png]
[traffic.rta.ac/assets_new/img/ffffff_40x100_textures_02_glass_65.png]
[traffic.rta.ac/images_en/calendar.gif]
[traffic.rta.ac/assets_new/jquery-ui.css]
[traffic.rta.ac/images_en/rta/bgtop.gif]
[traffic.rta.ac/images_en/rta/left.gif]
[traffic.rta.ac/images_en/rta/right.gif]
[traffic.rta.ac/images_en/rta/marine.119.delayed]
[traffic.rta.ac/images_en/rta/pta.gif]
[traffic.rta.ac/images_en/rta/tra.gif]
[traffic.rta.ac/images_en/rta/rail.gif]
[traffic.rta.ac/images_en/rta/licensing.gif]
[traffic.rta.ac/images_en/rta/taxi.gif]
[traffic.rta.ac/images_en/rta/Footer_grad.jpg]
[traffic.rta.ac/assets_new/head_foot.css]
[traffic.rta.ae/trfesrv/public_resources/images_en/inpttxt.gif]
[traffic.rta.ae/trfesrv/public_resources/images_en/inpttxtblubg.gif]
[traffic.rta.ae/trfesrv/public_resources/images_en/refbg.gif]
[traffic.rta.ae/trfesrv/public_resources/images_en/reg_btn.gif]
[traffic.rta.ae/trfesrv/public_resources/images_en/titlebg.gif]
[traffic.rta.ae/trfesrv/public_resources/images_en/boxbgpx.gif]
[traffic.rta.ae/trfesrv/public_resources/images_en/boxdatapx.gif]
[traffic.rta.ae/trfesrv/public_resources/images_en/boxpxmore.gif]
[traffic.rta.ae/trfesrv/public_resources/images_en/boxbotmpx.gif]
[traffic.rta.ae/trfesrv/public_resources/images_en/brcorn.gif]
[traffic.rta.ae/trfesrv/public_resources/images_en/blcorn.gif]
[traffic.rta.ae/trfesrv/public_resources/images_en/boxtoparow.gif]
[traffic.rta.ae/trfesrv/public_resources/images_en/arrows.gif]
[traffic.rta.ae/trfesrv/public_resources/images_en/downarrow.gif]
[traffic.rta.ae/trfesrv/public_resources/images_en/uparrow.gif]
[traffic.rta.ae/trfesrv/public_resources/images_en/corners.gif]
[traffic.rta.ae/trfesrv/public_resources/images_en/thbg.gif]
[traffic.rta.ae/trfesrv/public_resources/images_en/tdbg.gif]
[traffic.rta.ae/trfesrv/public_resources/images_en/talbcorn.gif]
[traffic.rta.ae/trfesrv/public_resources/images_en/tarbcorn.gif]
[traffic.rta.ae/trfesrv/public_resources/images_en/onrtabg.gif]
[traffic.rta.ae/trfesrv/public_resources/images_en/renewbg.gif]
[traffic.rta.ae/trfesrv/public_resources/images_en/renewpaybg.gif]
[traffic.rta.ae/trfesrv/public_resources/images_en/renewbg-on.gif]
[traffic.rta.ae/trfesrv/public_resources/images_en/renewpayon.gif]
[traffic.rta.ae/trfesrv/public_resources/images_en/numbers.gif]
[traffic.rta.ae/trfesrv/public_resources/images_en/tipbg.gif]
[traffic.rta.ae/trfesrv/public_resources/images_en/myfinscrt.gif]
[traffic.rta.ae/trfesrv/public_resources/images_en/myfinsclt.gif]
[traffic.rta.ae/trfesrv/public_resources/images_en/receptabsbg.gif]
[traffic.rta.ae/trfesrv/public_resources/images_en/boxpx.gif]
[traffic.rta.ae/trfesrv/public_resources/images_en/ritcorn.gif]
[traffic.rta.ae/trfesrv/public_resources/images_en/lftcorn.gif]
[traffic.rta.ae/trfesrv/public_resources/images_en/srvcspx.gif]
[traffic.rta.ae/trfesrv/public_resources/images_en/box-icons.gif]
[traffic.rta.ae/trfesrv/public_resources/images_en/numbg.gif]
[traffic.rta.ae/trfesrv/public_resources/images_en/plus.gif]
[traffic.rta.ae/trfesrv/public_resources/images_en/close.gif]
[traffic.rta.ae/trfesrv/public_resources/images_en/grayboxt.gif]
[traffic.rta.ae/trfesrv/public_resources/images_en/grayboxb.gif]
[traffic.rta.ae/trfesrv/public_resources/images_en/numbgon.gif]
[traffic.rta.ae/trfesrv/public_resources/images_en/subnavbg.gif]
[traffic.rta.ae/trfesrv/public_resources/images_en/subnavbg-on.gif]
[traffic.rta.ae/trfesrv/public_resources/images_en/reg_btn_gray.gif]
[traffic.rta.ae/trfesrv/public_resources/images_en/btn_difer.gif]
[traffic.rta.ae/trfesrv/public_resources/images_en/more_action.gif]
[traffic.rta.ae/trfesrv/public_resources/images_en/more_actionwit.gif]
[traffic.rta.ae/trfesrv/public_resources/images_en/prntico.gif]
[traffic.rta.ae/trfesrv/public_resources/images_en/warning.gif]
[traffic.rta.ae/trfesrv/public_resources/images_en/nfico.gif]
[traffic.rta.ac/assets_new/rta.css]
[traffic.rta.ae/trfesrv/public_resources/images_en/btn_graid.gif]
[traffic.rta.ac/assets/overlay.153.delayed]
[traffic.rta.ac/images_en/controls.png]
[traffic.rta.ac/images_en/border.png]
[traffic.rta.ac/images_en/loading_background.png]
[traffic.rta.ac/images_en/loading.gif]
[traffic.rta.ac/images_en/pop_close.gif]
[traffic.rta.ac/assets_new/colorbox.css]
[traffic.rta.ac/assets_new/index.js]
[traffic.rta.ac/assets_new/jquery.datepicker.js]
[traffic.rta.ac/images_ar/calendar.gif]
[traffic.rta.ac/assets_new/myEcertificate.css]
[traffic.rta.ac/trfesrv/public_resources/GET.html]
[traffic.rta.ac/assets_new/ReadSpeaker.lib.RSLib.js]
[traffic.rta.ac/assets_new/ReadSpeaker.Common.Settings.js]
[traffic.rta.ac/assets_new/ReadSpeaker.PlayerAPI.js]
[traffic.rta.ac/trfesrv/public_resources/sync]
[traffic.rta.ac/assets_new/ReadSpeaker.HL.js]
[traffic.rta.ac/assets_new/ReadSpeaker.ui.js]
[traffic.rta.ac/trfesrv/public_resources/userAttributes.set]
[traffic.rta.ac/assets_new/modules.5c4e5a4915cb0bf32fd1.js]
[traffic.rta.ac/assets_new/ReadSpeaker.enlargeHL.js]
[traffic.rta.ac/assets_new/ReadSpeaker.enlargeHL.css]
[traffic.rta.ae/trfesrv/revamp/common/header_footer_assets/css/bootstrap.css]
[traffic.rta.ac/assets_new/bootstrap.css]
[traffic.rta.ac/assets_new/RTA-Light.eot]
[traffic.rta.ac/assets_new/RTA-Lightd41d.eot]
[traffic.rta.ac/assets_new/RTA-Light.woff]
[traffic.rta.ac/assets_new/RTA-Light.ttf]
[traffic.rta.ac/assets_new/RTA-Black.eot]
[traffic.rta.ac/assets_new/RTA-Blackd41d.eot]
[traffic.rta.ac/assets_new/RTA-Black.woff]
[traffic.rta.ac/assets_new/RTA-Black.ttf]
[traffic.rta.ac/assets_new/rta-bold.eot]
[traffic.rta.ac/assets_new/rta-boldd41d.eot]
[traffic.rta.ac/assets_new/rta-bold.woff]
[traffic.rta.ac/assets_new/rta-bold.ttf]
[traffic.rta.ac/assets_new/rta-regular.eot]
[traffic.rta.ac/assets_new/rta-regulard41d.eot]
[traffic.rta.ac/assets_new/rta-regular.ttf]
[traffic.rta.ac/assets_new/images/government-dubai.png]
[traffic.rta.ac/assets_new/images/RTA.png]
[traffic.rta.ac/assets_new/assets/logos.png]
[traffic.rta.ac/assets_new/images/sticky-happy.png]
[traffic.rta.ac/assets_new/header_footer_style.css]
[traffic.rta.ac/assets_new/svgxuse.min.js]
[traffic.rta.ac/assets_new/jquery-2.2.4.js]
[traffic.rta.ac/trfesrv/public_resources/Popover requires tooltip.js]
[traffic.rta.ac/assets_new/bootstrap.min.js]
[traffic.rta.ac/trfesrv/public_resources/window.location.html]
[traffic.rta.ac/assets_new/api.js]
[traffic.rta.ac/assets_new/json2.html]
[traffic.rta.ac/trfesrv/public_resources/+]
[traffic.rta.ac/trfesrv/public_resources/+/index.html]
[traffic.rta.ac/trfesrv/public_resources/webworker.html]
[traffic.rta.ac/trfesrv/public_resources/api2]
[traffic.rta.ac/trfesrv/public_resources/api2/index.html]
[traffic.rta.ac/trfesrv/public_resources/enterprise.173.delayed]
[traffic.rta.ac/trfesrv/public_resources/enterprise/index.html]
[traffic.rta.ac/trfesrv/public_resources/Edg]
[traffic.rta.ac/trfesrv/public_resources/Edg/index.html]
[traffic.rta.ac/trfesrv/public_resources/index.html]
[traffic.rta.ac/trfesrv/public_resources/ABCDEFGHIJKLMNOPQRSTUVWXYZabcdefghijklmnopqrstuvwxyz0123456789+.175.delayed]
[traffic.rta.ac/trfesrv/public_resources/ABCDEFGHIJKLMNOPQRSTUVWXYZabcdefghijklmnopqrstuvwxyz0123456789+/index.html]
[traffic.rta.ac/trfesrv/public_resources/POST.html]
[traffic.rta.ac/trfesrv/public_resources/modules.5c4e5a4915cb0bf32fd1.html]
[traffic.rta.ac/trfesrv/public_resources/gtm.html]
[traffic.rta.ac/trfesrv/public_resources/ec.html]
[traffic.rta.ac/analytics.html]
[traffic.rta.ac/trfesrv/public_resources/recaptcha.html]
[traffic.rta.ac/trfesrv/public_resources/linkid.html]
[traffic.rta.ac/trfesrv/public_resources/Trident]
[traffic.rta.ac/trfesrv/public_resources/Trident/index.html]
[traffic.rta.ac/trfesrv/public_resources/Edge.177.delayed]
[traffic.rta.ac/trfesrv/public_resources/Edge/index.html]
[traffic.rta.ac/assets_new/bootstrap/fonts/glyphicons-halflings-regular.html]
[traffic.rta.ac/assets_new/bootstrap/fonts/glyphicons-halflings-regulard41d.html]
[traffic.rta.ac/assets_new/bootstrap/fonts/glyphicons-halflings-regular-2.html]
[traffic.rta.ac/assets_new/bootstrap/fonts/glyphicons-halflings-regular-3.html]
[traffic.rta.ac/assets_new/bootstrap/fonts/glyphicons-halflings-regular-4.html]
[traffic.rta.ac/assets_new/bootstrap/fonts/glyphicons-halflings-regular-5.html]
[traffic.rta.ac/assets_new/img/suggestion_hover.html]
[traffic.rta.ac/assets_new/img/complaints.html]
[traffic.rta.ac/assets_new/img/complaints_hover.html]
[traffic.rta.ac/assets_new/img/left-nav.html]
[traffic.rta.ac/assets_new/img/search.html]
[traffic.rta.ac/assets_new/img/close-red.html]
[traffic.rta.ac/assets_new/img/search-hover.html]
[traffic.rta.ac/assets_new/img/icon-triangle.html]
[traffic.rta.ac/assets_new/img/close2.html]
[traffic.rta.ac/assets_new/img/arrow-right.html]
[traffic.rta.ac/assets_new/img/close.html]
[traffic.rta.ac/assets_new/img/loading.html]
[traffic.rta.ac/assets_new/img/dropdown.html]
[traffic.rta.ac/assets_new/img/dropdown_over.html]
[traffic.rta.ac/assets_new/img/link.html]
[traffic.rta.ac/assets_new/img/link_over.html]
[traffic.rta.ac/assets_new/img/link-2.html]
[traffic.rta.ac/img/arabic.html]
[traffic.rta.ac/assets_new/img/control-icon-v2.html]
[traffic.rta.ac/assets_new/img/control-icon-v4.html]
[traffic.rta.ac/assets_new/img/ico-video.html]
[traffic.rta.ac/assets_new/img/search-services.html]
[traffic.rta.ac/assets_new/img/services-icon.html]
[traffic.rta.ac/assets_new/img/success.html]
[traffic.rta.ac/assets_new/img/success-grey.html]
[traffic.rta.ac/assets_new/img/error.html]
[traffic.rta.ac/assets_new/img/dd-arrow.html]
[traffic.rta.ac/assets_new/img/bg-services.html]
[traffic.rta.ac/assets_new/img/services-dco.html]
[traffic.rta.ac/assets_new/img/services-pt.html]
[traffic.rta.ac/assets_new/img/services-corp.html]
[traffic.rta.ac/assets_new/img/services-alpha.html]
[traffic.rta.ac/assets_new/img/dot.html]
[traffic.rta.ac/assets_new/img/arrow-grey.html]
[traffic.rta.ac/assets_new/img/download-sml.html]
[traffic.rta.ac/assets_new/img/icons/ico-salik.html]
[traffic.rta.ac/assets_new/img/icons/ico-metro-agency.html]
[traffic.rta.ac/assets_new/img/icons/ico-licencing-agency.html]
[traffic.rta.ac/assets_new/img/icons/ico-dubai-taxi.html]
[traffic.rta.ac/assets_new/img/icons/ico-dubai-metro.html]
[traffic.rta.ac/assets_new/img/icons/ico-taxi-agency-services.html]
[traffic.rta.ac/assets_new/img/icons/ico-rail-agency-services.html]
[traffic.rta.ac/assets_new/img/icons/ico-corporate-support.html]
[traffic.rta.ac/assets_new/img/link_over-2.html]
[traffic.rta.ac/assets_new/img/icons.html]
[traffic.rta.ac/assets_new/img/channel-visitbranch.html]
[traffic.rta.ac/assets_new/img/back.html]
[traffic.rta.ac/assets_new/img/cal.html]
[traffic.rta.ac/assets_new/img/download.html]
[traffic.rta.ac/assets_new/img/print.html]
[traffic.rta.ac/assets_new/img/open.html]
[traffic.rta.ac/assets_new/img/channel-tollfree.html]
[traffic.rta.ac/assets_new/img/channel-smartapps.html]
[traffic.rta.ac/assets_new/img/dd-arrow-blue.html]
[traffic.rta.ac/assets_new/img/bg-line.html]
[traffic.rta.ac/assets_new/img/completed.html]
[traffic.rta.ac/assets_new/img/search-services-hover.html]
[traffic.rta.ac/assets_new/img/popular_services/1.html]
[traffic.rta.ac/assets_new/img/popular_services/2.html]
[traffic.rta.ac/assets_new/img/popular_services/3.html]
[traffic.rta.ac/assets_new/img/popular_services/4.html]
[traffic.rta.ac/assets_new/img/popular_services/5.html]
[traffic.rta.ac/assets_new/img/popular_services/6.html]
[traffic.rta.ac/assets_new/img/popular_services/7.html]
[traffic.rta.ac/assets_new/img/popular_services/8.html]
[traffic.rta.ac/assets_new/img/bg-left-nav.html]
[traffic.rta.ac/assets_new/img/arrow-white-right.html]
[traffic.rta.ac/assets_new/img/vr/expand.html]
[traffic.rta.ac/assets_new/img/vr/collapse.html]
[traffic.rta.ac/assets_new/img/public-transport/plan-your-journey.html]
[traffic.rta.ac/assets_new/img/public-transport/plan-your-journey-hover.html]
[traffic.rta.ac/assets_new/img/public-transport/top-nol.html]
[traffic.rta.ac/assets_new/img/public-transport/top-nol-hover.html]
[traffic.rta.ac/assets_new/img/public-transport/book-a-taxi.html]
[traffic.rta.ac/assets_new/img/public-transport/book-a-taxi-hover.html]
[traffic.rta.ac/assets_new/img/public-transport/book-a-water-taxi.html]
[traffic.rta.ac/assets_new/img/public-transport/book-a-water-taxi-hover.html]
[traffic.rta.ac/assets_new/img/public-transport/download-timetables.html]
[traffic.rta.ac/assets_new/img/public-transport/download-timetables-hover.html]
[traffic.rta.ac/assets_new/img/public-transport/contact-us.html]
[traffic.rta.ac/assets_new/img/public-transport/contact-us-hover.html]
[traffic.rta.ac/assets_new/img/public-transport/travel-mode/metro.html]
[traffic.rta.ac/assets_new/img/public-transport/travel-mode/metro-hover.html]
[traffic.rta.ac/assets_new/img/public-transport/travel-mode/bus.html]
[traffic.rta.ac/assets_new/img/public-transport/travel-mode/bus-hover.html]
[traffic.rta.ac/assets_new/img/public-transport/travel-mode/tram.html]
[traffic.rta.ac/assets_new/img/public-transport/travel-mode/tram-hover.html]
[traffic.rta.ac/assets_new/img/public-transport/travel-mode/water-bus.html]
[traffic.rta.ac/assets_new/img/public-transport/travel-mode/water-bus-hover.html]
[traffic.rta.ac/assets_new/img/public-transport/travel-mode/water-taxi.html]
[traffic.rta.ac/assets_new/img/public-transport/travel-mode/water-taxi-hover.html]
[traffic.rta.ac/assets_new/img/public-transport/travel-mode/ferry.html]
[traffic.rta.ac/assets_new/img/public-transport/travel-mode/ferry-hover.html]
[traffic.rta.ac/assets_new/img/public-transport/travel-mode/abra.html]
[traffic.rta.ac/assets_new/img/public-transport/travel-mode/abra-hover.html]
[traffic.rta.ac/assets_new/img/public-transport/travel-mode/taxi.html]
[traffic.rta.ac/assets_new/img/public-transport/travel-mode/taxi-hover.html]
[traffic.rta.ac/assets_new/img/about-us/mission-vision-icon.html]
[traffic.rta.ac/assets_new/img/about-us/mission-vision-icon-hover.html]
[traffic.rta.ac/assets_new/img/about-us/our-values-icon.html]
[traffic.rta.ac/assets_new/img/about-us/our-goals-icon.html]
[traffic.rta.ac/assets_new/img/about-us/our-values-icon-hover.html]
[traffic.rta.ac/assets_new/img/about-us/our-goals-icon-hover.html]
[traffic.rta.ac/assets_new/img/about-us/quality-policy-icon.html]
[traffic.rta.ac/assets_new/img/about-us/quality-policy-icon-hover.html]
[traffic.rta.ac/assets_new/img/about-us/safety-policy-icon.html]
[traffic.rta.ac/assets_new/img/about-us/safety-policy-icon-hover.html]
[traffic.rta.ac/assets_new/img/about-us/security-n-privacy-icon.html]
[traffic.rta.ac/assets_new/img/about-us/security-n-privacy-icon-hover.html]
[traffic.rta.ac/assets_new/img/about-us/aboutus-am-icon.html]
[traffic.rta.ac/assets_new/img/about-us/aboutus-am-icon-hover.html]
[traffic.rta.ac/assets_new/img/about-us/aboutus-ap-icon.html]
[traffic.rta.ac/assets_new/img/about-us/aboutus-ap-icon-hover.html]
[traffic.rta.ac/assets_new/img/about-us/aboutus-tc-icon.html]
[traffic.rta.ac/assets_new/img/about-us/aboutus-tc-icon-hover.html]
[traffic.rta.ac/assets_new/img/about-us/aboutus-photo.html]
[traffic.rta.ac/assets_new/img/about-us/aboutus-photo-hover.html]
[traffic.rta.ac/assets_new/img/about-us/aboutus-video.html]
[traffic.rta.ac/assets_new/img/about-us/aboutus-video-hover.html]
[traffic.rta.ac/assets_new/img/about-us/aboutus-activities.html]
[traffic.rta.ac/assets_new/img/about-us/aboutus-activities-hover.html]
[traffic.rta.ac/assets_new/img/about-us/branch.html]
[traffic.rta.ac/assets_new/img/about-us/branch-hover.html]
[traffic.rta.ac/assets_new/img/about-us/customer-goal.html]
[traffic.rta.ac/assets_new/img/about-us/customer-goal-hover.html]
[traffic.rta.ac/assets_new/img/about-us/complaints.html]
[traffic.rta.ac/assets_new/img/about-us/complaints-hover.html]
[traffic.rta.ac/assets_new/img/about-us/press-release.html]
[traffic.rta.ac/assets_new/img/about-us/press-release-hover.html]
[traffic.rta.ac/assets_new/img/about-us/announcements.html]
[traffic.rta.ac/assets_new/img/about-us/announcements-icon-hover.html]
[traffic.rta.ac/assets_new/img/about-us/archives-icon.html]
[traffic.rta.ac/assets_new/img/about-us/archives-icon-hover.html]
[traffic.rta.ac/assets_new/img/about-us/ico-author.html]
[traffic.rta.ac/assets_new/img/about-us/ico-author-hover.html]
[traffic.rta.ac/assets_new/img/about-us/ico-chair.html]
[traffic.rta.ac/assets_new/img/about-us/ico-chair-hover.html]
[traffic.rta.ac/assets_new/img/about-us/ico-international.html]
[traffic.rta.ac/assets_new/img/about-us/ico-international-hover.html]
[traffic.rta.ac/assets_new/img/about-us/ico-local.html]
[traffic.rta.ac/assets_new/img/about-us/ico-local-hover.html]
[traffic.rta.ac/img/social/ico-twitter-black.html]
[traffic.rta.ac/img/social/ico-facebook-black.html]
[traffic.rta.ac/img/social/ico-instagram-black.html]
[traffic.rta.ac/img/social/ico-twitter-black-hover.html]
[traffic.rta.ac/img/social/ico-facebook-black-hover.html]
[traffic.rta.ac/img/social/ico-instagram-black-hover.html]
[traffic.rta.ac/assets_new/img/vr/ico-phone.html]
[traffic.rta.ac/assets_new/img/ico-link.html]
[traffic.rta.ac/img/classic-plate.html]
[traffic.rta.ac/img/classic-plate-luxury.html]
[traffic.rta.ac/img/classic-plate-short-new.html]
[traffic.rta.ac/img/classic-plate-long-new.html]
[traffic.rta.ac/img/classic-plate-luxury-new.html]
[traffic.rta.ac/img/consulate-plate.html]
[traffic.rta.ac/img/consulate-plate-luxury.html]
[traffic.rta.ac/img/export-plate.html]
[traffic.rta.ac/img/export-plate-luxury.html]
[traffic.rta.ac/img/motorcycle-plate.html]
[traffic.rta.ac/img/motorcycle-plate-luxury.html]
[traffic.rta.ac/img/dubai-flag-plate.html]
[traffic.rta.ac/img/dubai-flag-plate-luxury.html]
[traffic.rta.ac/img/police-plate.html]
[traffic.rta.ac/img/police-plate-luxury.html]
[traffic.rta.ac/img/learning-plate.html]
[traffic.rta.ac/img/learning-plate-luxury.html]
[traffic.rta.ac/img/trailer-plate.html]
[traffic.rta.ac/img/trade-plate.html]
[traffic.rta.ac/img/trade-plate-luxury.html]
[traffic.rta.ac/img/under_test.html]
[traffic.rta.ac/assets_new/img/vr/arrow-grey.html]
[traffic.rta.ac/assets_new/img/vr/vrline.html]
[traffic.rta.ac/assets_new/img/vr/unchecked.html]
[traffic.rta.ac/assets_new/img/vr/checked.html]
[traffic.rta.ac/assets_new/img/vr/error.html]
[traffic.rta.ac/assets_new/img/vr/ico-chat.html]
[traffic.rta.ac/assets_new/img/vr/ico-faq.html]
[traffic.rta.ac/assets_new/img/vr/para-close.html]
[traffic.rta.ac/assets_new/img/vr/para-open.html]
[traffic.rta.ac/assets_new/img/vr/vrline-blue.html]
[traffic.rta.ac/assets_new/img/vr/completed.html]
[traffic.rta.ac/assets_new/img/vr/info-red.html]
[traffic.rta.ac/assets_new/img/vr/success.html]
[traffic.rta.ac/assets_new/img/vr/radio.html]
[traffic.rta.ac/assets_new/img/vr/radio-normal.html]
[traffic.rta.ac/assets_new/img/vr/radio-selected.html]
[traffic.rta.ac/assets_new/img/vr/checked-normal.html]
[traffic.rta.ac/assets_new/img/vr/checked-selected.html]
[traffic.rta.ac/assets_new/img/vr/arr2.html]
[traffic.rta.ac/assets_new/img/vr/warning-icon.html]
[traffic.rta.ac/assets_new/img/toggle.html]
[traffic.rta.ac/assets_new/img/logout_over.html]
[traffic.rta.ac/assets_new/img/my-account-white.html]
[traffic.rta.ac/assets_new/img/logout.html]
[traffic.rta.ac/assets_new/img/my-account-grey.html]
[traffic.rta.ac/trfesrv/public_resources/ReadSpeaker.html]
[traffic.rta.ac/trfesrv/public_resources/ReadSpeaker.lib.RSLib.html]
[traffic.rta.ac/assets_new/img/rs_button.html]
[traffic.rta.ac/assets_new/img/icon_16px.html]
[traffic.rta.ac/assets_new/img/rs_loader_anim.html]
[traffic.rta.ac/assets_new/img/play-anim.html]
[traffic.rta.ac/assets_new/img/timeline-anim.html]
[traffic.rta.ac/images_en/888888_7x7_arrow_left.html]
[traffic.rta.ac/images_en/888888_7x7_arrow_right.html]
[traffic.rta.ac/images_en/454545_7x7_arrow_left.html]
[traffic.rta.ac/images_en/454545_7x7_arrow_right.html]
[traffic.rta.ac/assets_new/img/e6e6e6_40x100_textures_02_glass_75.html]
[traffic.rta.ac/assets_new/img/dadada_40x100_textures_02_glass_75.html]
[traffic.rta.ac/assets_new/img/ffffff_40x100_textures_02_glass_65.html]
[traffic.rta.ac/images_en/calendar.html]
[traffic.rta.ac/images_en/rta/bgtop.html]
[traffic.rta.ac/images_en/rta/left.html]
[traffic.rta.ac/images_en/rta/right.html]
[traffic.rta.ac/images_en/rta/marine.html]
[traffic.rta.ac/images_en/rta/pta.html]
[traffic.rta.ac/images_en/rta/tra.html]
[traffic.rta.ac/images_en/rta/rail.html]
[traffic.rta.ac/images_en/rta/licensing.html]
[traffic.rta.ac/images_en/rta/taxi.html]
[traffic.rta.ac/images_en/rta/Footer_grad.html]
[traffic.rta.ac/assets/overlay.html]
[traffic.rta.ac/images_en/controls.html]
[traffic.rta.ac/images_en/border.html]
[traffic.rta.ac/images_en/loading_background.html]
[traffic.rta.ac/images_en/loading.html]
[traffic.rta.ac/images_en/pop_close.html]
[traffic.rta.ac/images_ar/calendar.html]
[traffic.rta.ac/trfesrv/public_resources/sync.html]
[traffic.rta.ac/trfesrv/public_resources/userAttributes.html]
[traffic.rta.ac/assets_new/rta-regular.html]
[traffic.rta.ac/assets_new/images/government-dubai.html]
[traffic.rta.ac/assets_new/images/RTA.html]
[traffic.rta.ac/assets_new/assets/logos.html]
[traffic.rta.ac/assets_new/images/sticky-happy.html]
[traffic.rta.ac/trfesrv/public_resources/Popover requires tooltip.html]
[www.gstatic.com/recaptcha/releases/Ai7lOI0zKMDPHxlv62g7oMoJ/recaptcha__en.html]
[traffic.rta.ac/trfesrv/public_resources/+.html]
[traffic.rta.ac/trfesrv/public_resources/api2.html]
[traffic.rta.ac/trfesrv/public_resources/enterprise.html]
[traffic.rta.ac/trfesrv/public_resources/Edg.html]
[traffic.rta.ac/trfesrv/public_resources/ABCDEFGHIJKLMNOPQRSTUVWXYZabcdefghijklmnopqrstuvwxyz0123456789+.html]
[traffic.rta.ac/trfesrv/public_resources/Trident.html]
[traffic.rta.ac/trfesrv/public_resources/Edge.html]
[cct.google/taggy/agent.html]
